services/audioEngine.ts(633,19): error TS6133: 'mix' is declared but its value is never read.
