services/audioEngine.ts(303,15): error TS1005: ',' expected.
services/audioEngine.ts(303,20): error TS1135: Argument expression expected.
services/audioEngine.ts(307,6): error TS1068: Unexpected token. A constructor, method, accessor, or property was expected.
services/audioEngine.ts(311,5): error TS1128: Declaration or statement expected.
services/audioEngine.ts(311,39): error TS1005: ',' expected.
services/audioEngine.ts(311,53): error TS1005: ',' expected.
services/audioEngine.ts(311,64): error TS1005: ';' expected.
services/audioEngine.ts(311,90): error TS1005: ';' expected.
services/audioEngine.ts(339,5): error TS1128: Declaration or statement expected.
services/audioEngine.ts(339,40): error TS1005: ',' expected.
services/audioEngine.ts(339,48): error TS1011: An element access expression should take an argument.
services/audioEngine.ts(339,51): error TS1005: ';' expected.
services/audioEngine.ts(419,5): error TS1128: Declaration or statement expected.
services/audioEngine.ts(419,35): error TS1005: ',' expected.
services/audioEngine.ts(419,48): error TS1005: ',' expected.
services/audioEngine.ts(419,63): error TS1005: ',' expected.
services/audioEngine.ts(419,88): error TS1005: ',' expected.
services/audioEngine.ts(419,98): error TS1005: ';' expected.
services/audioEngine.ts(462,5): error TS1128: Declaration or statement expected.
services/audioEngine.ts(462,33): error TS1005: ',' expected.
services/audioEngine.ts(462,41): error TS1011: An element access expression should take an argument.
services/audioEngine.ts(462,44): error TS1005: ';' expected.
services/audioEngine.ts(470,5): error TS1128: Declaration or statement expected.
services/audioEngine.ts(470,20): error TS1005: ';' expected.
services/audioEngine.ts(476,5): error TS1128: Declaration or statement expected.
services/audioEngine.ts(476,28): error TS1005: ',' expected.
services/audioEngine.ts(476,46): error TS1005: ';' expected.
services/audioEngine.ts(509,5): error TS1128: Declaration or statement expected.
services/audioEngine.ts(509,21): error TS1005: ',' expected.
services/audioEngine.ts(509,37): error TS1005: ',' expected.
services/audioEngine.ts(509,45): error TS1011: An element access expression should take an argument.
services/audioEngine.ts(509,51): error TS1005: ',' expected.
services/audioEngine.ts(509,61): error TS1005: ';' expected.
services/audioEngine.ts(518,5): error TS1128: Declaration or statement expected.
services/audioEngine.ts(518,28): error TS1005: ';' expected.
services/audioEngine.ts(518,30): error TS1434: Unexpected keyword or identifier.
services/audioEngine.ts(526,5): error TS1128: Declaration or statement expected.
services/audioEngine.ts(534,5): error TS1128: Declaration or statement expected.
services/audioEngine.ts(534,37): error TS1005: ',' expected.
services/audioEngine.ts(534,47): error TS1005: ';' expected.
services/audioEngine.ts(560,5): error TS1128: Declaration or statement expected.
services/audioEngine.ts(560,38): error TS1005: ',' expected.
services/audioEngine.ts(560,55): error TS1005: ',' expected.
services/audioEngine.ts(560,83): error TS1011: An element access expression should take an argument.
services/audioEngine.ts(560,86): error TS1005: ';' expected.
services/audioEngine.ts(596,5): error TS1128: Declaration or statement expected.
services/audioEngine.ts(596,40): error TS1005: ',' expected.
services/audioEngine.ts(596,68): error TS1005: ';' expected.
services/audioEngine.ts(596,96): error TS1005: ';' expected.
services/audioEngine.ts(596,122): error TS1005: ';' expected.
services/audioEngine.ts(596,134): error TS1011: An element access expression should take an argument.
services/audioEngine.ts(596,143): error TS1005: ';' expected.
services/audioEngine.ts(596,174): error TS1109: Expression expected.
services/audioEngine.ts(596,181): error TS1005: ';' expected.
services/audioEngine.ts(708,5): error TS1128: Declaration or statement expected.
services/audioEngine.ts(708,34): error TS1005: ',' expected.
services/audioEngine.ts(708,52): error TS1005: ',' expected.
services/audioEngine.ts(708,71): error TS1005: ',' expected.
services/audioEngine.ts(708,86): error TS1005: ',' expected.
services/audioEngine.ts(708,96): error TS1005: ';' expected.
services/audioEngine.ts(726,5): error TS1128: Declaration or statement expected.
services/audioEngine.ts(726,13): error TS1434: Unexpected keyword or identifier.
services/audioEngine.ts(726,32): error TS1005: ';' expected.
services/audioEngine.ts(747,5): error TS1128: Declaration or statement expected.
services/audioEngine.ts(747,24): error TS1005: ';' expected.
services/audioEngine.ts(747,26): error TS1434: Unexpected keyword or identifier.
services/audioEngine.ts(752,5): error TS1128: Declaration or statement expected.
services/audioEngine.ts(752,30): error TS1005: ';' expected.
services/audioEngine.ts(752,32): error TS1434: Unexpected keyword or identifier.
services/audioEngine.ts(758,5): error TS1128: Declaration or statement expected.
services/audioEngine.ts(758,34): error TS1005: ',' expected.
services/audioEngine.ts(758,54): error TS1005: ',' expected.
services/audioEngine.ts(758,63): error TS1005: ';' expected.
services/audioEngine.ts(758,72): error TS1011: An element access expression should take an argument.
services/audioEngine.ts(758,74): error TS1005: ';' expected.
services/audioEngine.ts(773,5): error TS1128: Declaration or statement expected.
services/audioEngine.ts(773,32): error TS1005: ',' expected.
services/audioEngine.ts(773,47): error TS1005: ';' expected.
services/audioEngine.ts(781,5): error TS1128: Declaration or statement expected.
services/audioEngine.ts(781,38): error TS1005: ',' expected.
services/audioEngine.ts(781,47): error TS1005: ';' expected.
services/audioEngine.ts(781,49): error TS1434: Unexpected keyword or identifier.
services/audioEngine.ts(789,5): error TS1128: Declaration or statement expected.
services/audioEngine.ts(789,33): error TS1005: ',' expected.
services/audioEngine.ts(789,51): error TS1005: ',' expected.
services/audioEngine.ts(789,60): error TS1005: ';' expected.
services/audioEngine.ts(789,62): error TS1434: Unexpected keyword or identifier.
services/audioEngine.ts(797,5): error TS1128: Declaration or statement expected.
services/audioEngine.ts(797,12): error TS1434: Unexpected keyword or identifier.
services/audioEngine.ts(797,40): error TS1005: ',' expected.
services/audioEngine.ts(797,60): error TS1109: Expression expected.
services/audioEngine.ts(797,70): error TS1005: ';' expected.
services/audioEngine.ts(814,5): error TS1128: Declaration or statement expected.
services/audioEngine.ts(814,28): error TS1005: ',' expected.
services/audioEngine.ts(814,41): error TS1005: ',' expected.
services/audioEngine.ts(814,57): error TS1005: ',' expected.
services/audioEngine.ts(814,76): error TS1005: ';' expected.
services/audioEngine.ts(861,5): error TS1128: Declaration or statement expected.
services/audioEngine.ts(861,34): error TS1005: ',' expected.
services/audioEngine.ts(861,44): error TS1005: ';' expected.
services/audioEngine.ts(875,5): error TS1128: Declaration or statement expected.
services/audioEngine.ts(875,12): error TS1434: Unexpected keyword or identifier.
services/audioEngine.ts(875,39): error TS1005: ',' expected.
services/audioEngine.ts(875,48): error TS1005: ';' expected.
services/audioEngine.ts(876,11): error TS1005: ':' expected.
services/audioEngine.ts(876,51): error TS1005: ',' expected.
services/audioEngine.ts(877,8): error TS1003: Identifier expected.
services/audioEngine.ts(877,21): error TS1005: '{' expected.
services/audioEngine.ts(877,28): error TS1005: ':' expected.
services/audioEngine.ts(877,32): error TS1005: ',' expected.
services/audioEngine.ts(879,12): error TS1005: ':' expected.
services/audioEngine.ts(897,7): error TS1005: ',' expected.
services/audioEngine.ts(900,5): error TS1128: Declaration or statement expected.
services/audioEngine.ts(900,29): error TS1005: ';' expected.
services/audioEngine.ts(904,5): error TS1128: Declaration or statement expected.
services/audioEngine.ts(904,12): error TS1434: Unexpected keyword or identifier.
services/audioEngine.ts(904,39): error TS1005: ',' expected.
services/audioEngine.ts(904,47): error TS1011: An element access expression should take an argument.
services/audioEngine.ts(904,59): error TS1005: ',' expected.
services/audioEngine.ts(904,65): error TS1005: ';' expected.
services/audioEngine.ts(905,12): error TS1005: ':' expected.
services/audioEngine.ts(905,51): error TS1005: ',' expected.
services/audioEngine.ts(908,5): error TS1128: Declaration or statement expected.
services/audioEngine.ts(908,12): error TS1434: Unexpected keyword or identifier.
services/audioEngine.ts(908,37): error TS1005: ',' expected.
services/audioEngine.ts(908,60): error TS1005: ',' expected.
services/audioEngine.ts(908,66): error TS1005: ';' expected.
services/audioEngine.ts(909,12): error TS1005: ':' expected.
services/audioEngine.ts(909,24): error TS1005: ',' expected.
services/audioEngine.ts(911,1): error TS1128: Declaration or statement expected.
